// Jest Snapshot v1, https://goo.gl/fbAQLP

exports[`yaml: code 1`] = `
"export default {
  \\"hi\\": (()=>{const fn=(ctx) => {const { normalize: _normalize } = ctx;return _normalize([\\"hi there!\\"])};fn.source=\\"hi there!\\";return fn})(),
  \\"nested\\": {
    \\"hello\\": (()=>{const fn=(ctx) => {const { normalize: _normalize } = ctx;return _normalize([\\"hello world!\\"])};fn.source=\\"hello world!\\";return fn})(),
    \\"more\\": {
      \\"plural\\": (()=>{const fn=(ctx) => {const { normalize: _normalize, linked: _linked, interpolate: _interpolate, list: _list, named: _named, plural: _plural } = ctx;return _plural([_normalize([_linked(\\"no apples\\", \\"caml\\")]), _normalize([_interpolate(_list(0)), \\" apple\\"]), _normalize([_interpolate(_named(\\"n\\")), \\" apples\\"])])};fn.source=\\"@.caml:{'no apples'} | {0} apple | {n} apples\\";return fn})()
    },
    \\"list\\": (()=>{const fn=(ctx) => {const { normalize: _normalize, interpolate: _interpolate, list: _list } = ctx;return _normalize([\\"hi, \\", _interpolate(_list(0)), \\" !\\"])};fn.source=\\"hi, {0} !\\";return fn})()
  },
  \\"„Åì„Çì„Å´„Å°„ÅØ\\": (()=>{const fn=(ctx) => {const { normalize: _normalize } = ctx;return _normalize([\\"„Åì„Çì„Å´„Å°„ÅØÔºÅ\\"])};fn.source=\\"„Åì„Çì„Å´„Å°„ÅØÔºÅ\\";return fn})(),
  \\"single-quote\\": (()=>{const fn=(ctx) => {const { normalize: _normalize } = ctx;return _normalize([\\"I don't know!\\"])};fn.source=\\"I don't know!\\";return fn})(),
  \\"emoji\\": (()=>{const fn=(ctx) => {const { normalize: _normalize } = ctx;return _normalize([\\"üò∫\\"])};fn.source=\\"üò∫\\";return fn})(),
  \\"unicode\\": (()=>{const fn=(ctx) => {const { normalize: _normalize } = ctx;return _normalize([\\"A\\"])};fn.source=\\"A\\";return fn})(),
  \\"unicode-escape\\": (()=>{const fn=(ctx) => {const { normalize: _normalize } = ctx;return _normalize([\\"\\\\\\\\u0041\\"])};fn.source=\\"\\\\\\\\u0041\\";return fn})(),
  \\"backslash-single-quote\\": (()=>{const fn=(ctx) => {const { normalize: _normalize } = ctx;return _normalize([\\"\\\\\\\\'\\"])};fn.source=\\"\\\\\\\\'\\";return fn})(),
  \\"backslash-backslash\\": (()=>{const fn=(ctx) => {const { normalize: _normalize } = ctx;return _normalize([\\"\\\\\\\\\\\\\\\\\\"])};fn.source=\\"\\\\\\\\\\\\\\\\\\";return fn})(),
  \\"errors\\": [
    (()=>{const fn=(ctx) => {const { normalize: _normalize } = ctx;return _normalize([\\"ERROR1001\\"])};fn.source=\\"ERROR1001\\";return fn})(),
    (()=>{const fn=(ctx) => {const { normalize: _normalize } = ctx;return _normalize([\\"ERROR1002\\"])};fn.source=\\"ERROR1002\\";return fn})()
  ],
  \\"complex\\": {
    \\"warnings\\": [
      (()=>{const fn=(ctx) => {const { normalize: _normalize } = ctx;return _normalize([\\"NOTE: This is warning\\"])};fn.source=\\"NOTE: This is warning\\";return fn})(),
      {
        \\"named-waring\\": (()=>{const fn=(ctx) => {const { normalize: _normalize, interpolate: _interpolate, named: _named } = ctx;return _normalize([\\"this is \\", _interpolate(_named(\\"type\\")), \\" warining\\"])};fn.source=\\"this is {type} warining\\";return fn})()
      }
    ]
  }
}"
`;

exports[`yaml: map 1`] = `
Object {
  "mappings": "sEAAGA;;6EAEOC;;wLAECC,aAAAC,uBAAAC,wBAAAC,wBAAAC,2BAAAC;kHACJC,QAAAJ,wBAAAK;yEACDC;gFACOC;yEACPC;2EACEC;kFACOC;0FACQC;uFACHC;;sEAEjBC;sEACAC;;;wEAGEC;gIACcC,YAAAC,8BAAAC",
  "names": Array [
    "hi there!",
    "hello world!",
    "no apples",
    "caml",
    "0",
    " apple",
    "n",
    " apples",
    "hi, ",
    " !",
    "„Åì„Çì„Å´„Å°„ÅØÔºÅ",
    "I don't know!",
    "üò∫",
    "A",
    "\\\\u0041",
    "\\\\'",
    "\\\\\\\\",
    "ERROR1001",
    "ERROR1002",
    "NOTE: This is warning",
    "this is ",
    "type",
    " warining",
  ],
  "sources": Array [
    "vue-i18n-loader.yaml",
  ],
  "sourcesContent": Array [
    "hi: hi there!
nested:
  \\"hello\\": \\"hello world!\\"
  more:
    plural: \\"@.caml:{'no apples'} | {0} apple | {n} apples\\"
  list: hi, {0} !
„Åì„Çì„Å´„Å°„ÅØ: \\"„Åì„Çì„Å´„Å°„ÅØÔºÅ\\"
single-quote: \\"I don't know!\\"
emoji: üò∫
unicode: \\"\\\\u0041\\"
unicode-escape: \\"\\\\\\\\u0041\\"
backslash-single-quote: \\\\'
backslash-backslash: \\\\\\\\
errors:
  - ERROR1001
  - ERROR1002
complex:
  warnings:
    - 'NOTE: This is warning'
    - named-waring: \\"this is {type} warining\\"
",
  ],
  "version": 3,
}
`;

exports[`yml: code 1`] = `
"export default {
  \\"hi\\": (()=>{const fn=(ctx) => {const { normalize: _normalize } = ctx;return _normalize([\\"hi there!\\"])};fn.source=\\"hi there!\\";return fn})(),
  \\"nested\\": {
    \\"hello\\": (()=>{const fn=(ctx) => {const { normalize: _normalize } = ctx;return _normalize([\\"hello world!\\"])};fn.source=\\"hello world!\\";return fn})(),
    \\"more\\": {
      \\"plural\\": (()=>{const fn=(ctx) => {const { normalize: _normalize, linked: _linked, interpolate: _interpolate, list: _list, named: _named, plural: _plural } = ctx;return _plural([_normalize([_linked(\\"no apples\\", \\"caml\\")]), _normalize([_interpolate(_list(0)), \\" apple\\"]), _normalize([_interpolate(_named(\\"n\\")), \\" apples\\"])])};fn.source=\\"@.caml:{'no apples'} | {0} apple | {n} apples\\";return fn})()
    },
    \\"list\\": (()=>{const fn=(ctx) => {const { normalize: _normalize, interpolate: _interpolate, list: _list } = ctx;return _normalize([\\"hi, \\", _interpolate(_list(0)), \\" !\\"])};fn.source=\\"hi, {0} !\\";return fn})()
  },
  \\"„Åì„Çì„Å´„Å°„ÅØ\\": (()=>{const fn=(ctx) => {const { normalize: _normalize } = ctx;return _normalize([\\"„Åì„Çì„Å´„Å°„ÅØÔºÅ\\"])};fn.source=\\"„Åì„Çì„Å´„Å°„ÅØÔºÅ\\";return fn})(),
  \\"single-quote\\": (()=>{const fn=(ctx) => {const { normalize: _normalize } = ctx;return _normalize([\\"I don't know!\\"])};fn.source=\\"I don't know!\\";return fn})(),
  \\"emoji\\": (()=>{const fn=(ctx) => {const { normalize: _normalize } = ctx;return _normalize([\\"üò∫\\"])};fn.source=\\"üò∫\\";return fn})(),
  \\"unicode\\": (()=>{const fn=(ctx) => {const { normalize: _normalize } = ctx;return _normalize([\\"A\\"])};fn.source=\\"A\\";return fn})(),
  \\"unicode-escape\\": (()=>{const fn=(ctx) => {const { normalize: _normalize } = ctx;return _normalize([\\"\\\\\\\\u0041\\"])};fn.source=\\"\\\\\\\\u0041\\";return fn})(),
  \\"backslash-single-quote\\": (()=>{const fn=(ctx) => {const { normalize: _normalize } = ctx;return _normalize([\\"\\\\\\\\'\\"])};fn.source=\\"\\\\\\\\'\\";return fn})(),
  \\"backslash-backslash\\": (()=>{const fn=(ctx) => {const { normalize: _normalize } = ctx;return _normalize([\\"\\\\\\\\\\\\\\\\\\"])};fn.source=\\"\\\\\\\\\\\\\\\\\\";return fn})(),
  \\"errors\\": [
    (()=>{const fn=(ctx) => {const { normalize: _normalize } = ctx;return _normalize([\\"ERROR1001\\"])};fn.source=\\"ERROR1001\\";return fn})(),
    (()=>{const fn=(ctx) => {const { normalize: _normalize } = ctx;return _normalize([\\"ERROR1002\\"])};fn.source=\\"ERROR1002\\";return fn})()
  ],
  \\"complex\\": {
    \\"warnings\\": [
      (()=>{const fn=(ctx) => {const { normalize: _normalize } = ctx;return _normalize([\\"NOTE: This is warning\\"])};fn.source=\\"NOTE: This is warning\\";return fn})(),
      {
        \\"named-waring\\": (()=>{const fn=(ctx) => {const { normalize: _normalize, interpolate: _interpolate, named: _named } = ctx;return _normalize([\\"this is \\", _interpolate(_named(\\"type\\")), \\" warining\\"])};fn.source=\\"this is {type} warining\\";return fn})()
      }
    ]
  }
}"
`;

exports[`yml: map 1`] = `
Object {
  "mappings": "sEAAGA;;6EAEOC;;wLAECC,aAAAC,uBAAAC,wBAAAC,wBAAAC,2BAAAC;kHACJC,QAAAJ,wBAAAK;yEACDC;gFACOC;yEACPC;2EACEC;kFACOC;0FACQC;uFACHC;;sEAEjBC;sEACAC;;;wEAGEC;gIACcC,YAAAC,8BAAAC",
  "names": Array [
    "hi there!",
    "hello world!",
    "no apples",
    "caml",
    "0",
    " apple",
    "n",
    " apples",
    "hi, ",
    " !",
    "„Åì„Çì„Å´„Å°„ÅØÔºÅ",
    "I don't know!",
    "üò∫",
    "A",
    "\\\\u0041",
    "\\\\'",
    "\\\\\\\\",
    "ERROR1001",
    "ERROR1002",
    "NOTE: This is warning",
    "this is ",
    "type",
    " warining",
  ],
  "sources": Array [
    "vue-i18n-loader.yaml",
  ],
  "sourcesContent": Array [
    "hi: hi there!
nested:
  \\"hello\\": \\"hello world!\\"
  more:
    plural: \\"@.caml:{'no apples'} | {0} apple | {n} apples\\"
  list: hi, {0} !
„Åì„Çì„Å´„Å°„ÅØ: \\"„Åì„Çì„Å´„Å°„ÅØÔºÅ\\"
single-quote: \\"I don't know!\\"
emoji: üò∫
unicode: \\"\\\\u0041\\"
unicode-escape: \\"\\\\\\\\u0041\\"
backslash-single-quote: \\\\'
backslash-backslash: \\\\\\\\
errors:
  - ERROR1001
  - ERROR1002
complex:
  warnings:
    - 'NOTE: This is warning'
    - named-waring: \\"this is {type} warining\\"
",
  ],
  "version": 3,
}
`;
